head	1.2;
access;
symbols
	rel-0-3:1.1.1.1 open:1.1.1;
locks; strict;
comment	@# @;


1.2
date	2001.09.17.03.59.07;	author goodger;	state dead;
branches;
next	1.1;

1.1
date	2001.07.22.22.36.08;	author goodger;	state Exp;
branches
	1.1.1.1;
next	;

1.1.1.1
date	2001.07.22.22.36.08;	author goodger;	state Exp;
branches;
next	;


desc
@@


1.2
log
@Moved out of DPS package into test directory.
@
text
@
r"""
>>> errorist = utils.Errorist(1, 3, sys.stdout)
>>> errorist.system_warning(0, 'a little reminder')
<system_warning: <paragraph...>>
>>> sw = errorist.system_warning(1, 'a mild warning')
Warning: [level 1] a mild warning
>>> sw
<system_warning: <paragraph...>>
>>> sw = errorist.system_warning(2, 'a stern warning')
Warning: [level 2] a stern warning
>>> sw = errorist.system_warning(3, 'an urgent warning, converted to an exception')
Traceback (most recent call last):
  ...
SystemWarning: [level 3] an urgent warning, converted to an exception
>>> sw = errorist.strong_system_warning('STOP', 'a strong warning')
Traceback (most recent call last):
  ,,,
SystemWarning: [level 3] STOP: a strong warning

>>> errorist = utils.Errorist(4, 4, sys.stdout)
>>> sw = errorist.strong_system_warning('STOP', 'a strong warning', 'error\n  source')
>>> str(sw)
'<system_warning level="3"><paragraph><strong>STOP</strong>: a strong warning</paragraph><literal_block>error\n  source</literal_block></system_warning>'
"""

import sys, doctest
import utils, test_utils

if __name__ == '__main__':
	failures, tries = doctest.testmod(test_utils)
	print 'Ran %s tests, %s failures.' % (tries, failures)
	if failures == 0:
		print 'OK'
@


1.1
log
@Initial revision
@
text
@@


1.1.1.1
log
@First Imported.
@
text
@@
